// Vitest Snapshot v1, https://vitest.dev/guide/snapshot.html

exports[`Notification Component > renders the correct snapshot for error 1`] = `
"<div role="alert" class="notification notification--error">
  <p class="notification__text"></p><button data-testid="close-notification" title="close" class="notification__button"> âœ• </button>
</div>"
`;
